
root@ing-wyze-cam3-a000 opt# ./streamer
[I 1326043215] MODULE: Initializing module system
[I 1326044085] MODULE: Module system initialized successfully
[I 1326044870] MODULE: Registered module 'rtsp' v1.0.0 (RTSP streaming server module)
[D 1326045781] main: Starting streamer - PID: 4032
[I 1326046297] main: Channel metrics initialized (legacy mode)
[D 1326046660] CONFIG: Using config file /opt/streamer.json
[I 1326046915] CONFIG: Loading configuration from: /opt/streamer.json
[I 1326047526] CONFIG: JSON configuration loaded successfully
[D 1326047846] CONFIG: Parsing JSON configuration values...
[D 1326048358] CONFIG: Parsed JPEG config: enabled=true, quality=85, channel=2
[D 1326048617] CONFIG: Found streams array at root level
[D 1326049719] CONFIG: Found streams array with 2 elements
[D 1326050059] CONFIG: Allocated streams array for 2 streams
[D 1326050733] CONFIG: Parsed resolution '1920x1080' as 1920x1080
[D 1326050944] CONFIG: Parsed stream[0]: 1920x1080, endpoint=ch0
[D 1326051523] CONFIG: Parsed resolution '640x360' as 640x360
[D 1326051725] CONFIG: Parsed stream[1]: 640x360, endpoint=ch1
[D 1326051907] CONFIG: JSON configuration parsed successfully
[D 1326052137] CONFIG:   Stream[0]: 1920x1080, bitrate=2048kbps, endpoint='ch0'
[D 1326052372] CONFIG:   Stream[1]: 640x360, bitrate=512kbps, endpoint='ch1'
[I 1326052712] CONFIG: Configuration monitoring thread started
[I 1326053023] CONFIG: Configuration initialized successfully
[D 1326053249] main: Streamer configuration loaded successfully
[W 1326053472] MODULE: Module system already initialized
[I 1326053701] main: Module system initialized
[I 1326053827] MODULE: Initializing 1 registered modules
[I 1326053957] MODULE: Initializing module 'rtsp'
[D 1326054063] MODULE: Trying module config: /opt/rtsp.json
[I 1326054680] MODULE: Loading config for module 'rtsp' from /opt/rtsp.json (binary dir)
[I 1326055047] RTSP_MODULE: RTSP config loaded - port: 554, enabled: true, TLS: disabled (port: 322)
[I 1326055203] RTSP_MODULE: RTSP auth config - enabled: false, username: 'admin', password: 'admin'
[I 1326055350] MODULE: Module 'rtsp' config loaded successfully
[I 1326055477] MODULE: Module 'rtsp' initialized successfully
[I 1326055521] MODULE: Module initialization complete: 1 success, 0 errors
[I 1326055914] main: Modules initialized
[D 1326056261] SENSOR: Getting sensor information from /proc/jz/sensor
[D 1326056766] SENSOR:   name: gc2053
[D 1326057192] SENSOR:   chip_id: 0x2053
[D 1326057567] SENSOR:   version: H20230726a
[D 1326058823] SENSOR:   i2c_addr: 0x37
[D 1326059340] SENSOR:   width: 1920
[D 1326059885] SENSOR:   height: 1080
[D 1326060360] SENSOR:   min_fps: 5
[D 1326060751] SENSOR:   max_fps: 40
[E 1326061049] SENSOR: File /proc/jz/sensor/i2c_bus not found
[E 1326061854] SENSOR: Using default value 0 for i2c_bus
[E 1326061966] SENSOR: File /proc/jz/sensor/boot not found
[E 1326062205] SENSOR: Using default value 0 for boot
[E 1326062298] SENSOR: File /proc/jz/sensor/mclk not found
[I 1326062145] CONFIG: Configuration monitoring started for: /opt/streamer.json
[E 1326062545] SENSOR: Using default value 1 for mclk
[E 1326063239] SENSOR: File /proc/jz/sensor/video_interface not found
[E 1326063562] SENSOR: Using default value 0 for video_interface
[E 1326063663] SENSOR: File /proc/jz/sensor/reset_gpio not found
[E 1326064159] SENSOR: Using default value 91 for reset_gpio
[D 1326064207] SENSOR: Sensor info: gc2053 (1920x1080@40fps, i2c:0x37)
[D 1326064528] main: Sensor info read successfully
[D 1326064575] SENSOR: Validating configuration against sensor capabilities
[I 1326064613] SENSOR: Sensor configuration: 1920x1080@20fps
[I 1326064651] SENSOR: All streams will use sensor FPS: 20fps
[D 1326064836] main: Configuration validated and adjusted based on sensor capabilities
[D 1326064881] main: System init start
[I 1326064917] main: Opening ISP...
[IMP_ISP] Open: opened /dev/tx-isp (fd=4)
[I 1326065180] main: ISP opened successfully
[I 1326065225] main: Adding sensor...
[IMP_ISP] AddSensor: enum idx=0 name='gc2053'
[IMP_ISP] AddSensor: found matching sensor at index 0
[IMP_ISP] AddSensor: using sensor_idx=0 for gc2053
[IMP_ISP] AddSensor: calling TX_ISP_SENSOR_SET_INPUT with index=0
[IMP_ISP] AddSensor: TX_ISP_SENSOR_SET_INPUT succeeded
[IMP_ISP] AddSensor: ISP buffer info: addr=0x0 size=4685424
[DMA] DMA init: using /dev/rmem
[DMA] DMA init: /dev/rmem mapped at 0x7597d000 size=30408704 base_phys=0x06300000
[DMA] Alloc: (unnamed) size=4685424 phys=0x6300000 virt=0x7597d000 (rmem off=0x0)
[IMP_ISP] AddSensor: allocated ISP buffer: virt=0x7597d000 phys=0x6300000 size=4685424
[IMP_ISP] AddSensor: calling TX_ISP_SET_BUF with addr=0x6300000 size=4685424
[IMP_ISP] AddSensor: TX_ISP_SET_BUF succeeded
[IMP_ISP] AddSensor: gc2053 (idx=0, buf_size=4685424)
[I 1326286172] main: Sensor added successfully
[I 1326286402] main: Enabling sensor...
[IMP_ISP] EnableSensor: calling ioctl 0x800456dd (AE_INIT) with data buffer (version=0x336ac)
[IMP_ISP] EnableSensor: ioctl 0x800456dd (AE_INIT) succeeded - driver filled AE parameters
[IMP_ISP] EnableSensor: calling ioctl 0xc00456e3 (AWB_INIT) with data buffer (version=0x336ac)
[IMP_ISP] EnableSensor: ioctl 0xc00456e3 (AWB_INIT) succeeded - driver filled AWB parameters
[IMP_ISP] EnableSensor: AE/AWB initialization complete, proceeding to sensor index check
[IMP_ISP] EnableSensor: about to call ioctl 0x40045626
[IMP_ISP] EnableSensor: ioctl 0x40045626 returned 0
[IMP_ISP] EnableSensor: ioctl 0x40045626 succeeded, sensor_idx=0
[IMP_ISP] EnableSensor: sensor index validated, proceeding to STREAMON
[IMP_ISP] EnableSensor: calling ioctl 0x80045612 (ISP STREAMON)
[IMP_ISP] EnableSensor: ioctl 0x80045612 succeeded
[IMP_ISP] EnableSensor: calling ioctl 0x800456d0 (LINK_SETUP)
[IMP_ISP] EnableSensor: ioctl 0x800456d0 succeeded, result=0
[IMP_ISP] EnableSensor: about to call ioctl 0x800456d2 (LINK_STREAM_ON)
[IMP_ISP] EnableSensor: gISPdev=0x7774eac0, fd=4
[IMP_ISP] EnableSensor: ioctl 0x800456d2 returned 0
[IMP_ISP] EnableSensor: ioctl 0x800456d2 succeeded
[IMP_ISP] EnableSensor: incrementing opened flag
[IMP_ISP] EnableSensor: sensor enabled (idx=0)
[IMP_ISP] EnableSensor: about to return 0
[I 1326289147] main: Sensor enabled successfully
[I 1326289506] COMMON: System memory: 93 MB
[I 1326289829] COMMON: Detected low-memory device: 93 MB total RAM
[I 1326289949] COMMON: Skipping explicit memory pools - relying on reduced buffer counts
[I 1326289989] COMMON: Low-memory optimizations rely on:
[I 1326290165] COMMON:   - Reduced nrVBs (1 buffer per channel)
[I 1326290207] COMMON:   - Smaller OSD pool (512KB)
[I 1326290243] COMMON:   - Disabled unused channels
[I 1326290367] COMMON:   - Let IMP system manage RMEM automatically
[I 1326290408] main: Calling IMP_System_Init()...
[System] Initializing...
[System] Subsystems initialized
[System] Initialized (IMP-1.1.6)
[I 1326290828] main: IMP_System_Init() returned: 0
[I 1326290865] main: System initialized successfully
[IMP_ISP] EnableTuning: opened /dev/isp-m0 (fd=6)
[IMP_ISP] EnableTuning: tuning initialized successfully
[D 1326291282] main: ISP tuning enabled successfully
[IMP_ISP] SetContrast: 128
[D 1326291703] main: ISP tuning contrast set to 128
[IMP_ISP] SetSharpness: 128
[D 1326291774] main: ISP tuning sharpness set to 128
[IMP_ISP] SetSaturation: 128
[D 1326291832] main: ISP tuning saturation set to 128
[IMP_ISP] SetBrightness: 128
[D 1326291889] main: ISP tuning brightness set to 128
[IMP_ISP] SetISPRunningMode: 0
[IMP_ISP] SetISPRunningMode: mode set successfully to 0
[D 1326292074] main: ISP running mode set to DAY
[IMP_ISP] SetSensorFPS: 20/1
[IMP_ISP] SetSensorFPS: FPS set successfully to 20/1
[I 1326294253] main: Sensor FPS set to 20/1 (all channels use sensor FPS)
[IMP_ISP] GetSensorFPS: called with fps_num=0x7fb2bf50 fps_den=0x7fb2bf54
[IMP_ISP] GetSensorFPS: returning 25/1
[I 1326294805] main: Verified sensor FPS: 25/1 (25.00 fps)
[I 1326295085] COMMON: Channel 0: enabled=1, format='H264' -> payloadType=0x1 (H264), 1920x1080@20/1fps
[I 1326295344] COMMON: Channel 1: enabled=0, format='H264' -> payloadType=0x1 (H264), 640x360@20/1fps, scaler=enabled
[D 1326295529] COMMON: Updated channel configuration from JSON config: ch0=1, ch1=0, ch2=0, ch3=0
[D 1326295699] main: Configuration applied to channels successfully
[W 1326295925] COMMON: Applying memory optimizations for low-memory device
[I 1326296157] COMMON: Low-memory optimizations applied:
[I 1326296383] COMMON:   - Buffer optimization: nrVBs=1, FIFO depth=0
[I 1326296492] COMMON:   - Channel enabling: Based on configuration
[I 1326296602] COMMON:   - Channels 2-3: Not used in current setup
[I 1326296641] COMMON:   - Output resolution: Handled by RTSP module
[I 1326296757] COMMON: SUCCESS: optimized with configuration-driven channel management
[FrameSource] CreateChn: Opened /dev/framechan0 (fd=7)
[System] Registered module [0,0]: FrameSource
[FrameSource] CreateChn: registered FrameSource module [0,0] with 1 output
[FrameSource] CreateChn: chn=0, 1920x1080, fmt=0xa
[D 1326297191] main: FrameSource channel 0 created
[W 1326297237] main: 64MB device: Setting FIFO depth to 0
[D 1326297273] main: Using buffer depth 1 for channel 0
[FrameSource] SetChnFifoAttr: chn=0, maxdepth=0, depth=0
[I 1326297423] main: FrameSource channel 0: FIFO buffer depth set to 0 frames
[FrameSource] SetChnAttr: chn=0, 1920x1080, fmt=0xa
[D 1326297576] main: FrameSource channel 0 attributes set
[D 1326297619] main: FrameSource channel 1 not enabled
[D 1326297732] main: FrameSource channel 2 not enabled
[D 1326297778] main: FrameSource channel 3 not enabled
[D 1326297816] main: FrameSource initialized successfully
[System] Registered module [1,0]: Encoder
[Encoder] CreateGroup: registered Encoder module [1,0] with 1 output and update callback
[Encoder] CreateGroup: grp=0
[I 1326298179] main: Encoder group 0 created successfully
[I 1326298220] main: Encoder group 1 not enabled
[I 1326298385] main: Encoder group 2 not enabled
[I 1326298430] main: Encoder group 3 not enabled
[Encoder] SetMaxStreamCnt: chn=0, cnt=2
[I 1326298505] main: Channel 0: Set 2 stream buffers for low-memory device
[Encoder] SetStreamBufSize: chn=0, size=262144
[I 1326298673] main: Channel 0: Set 256KB stream buffer size for low-memory device
[I 1326298793] main: Channel 0: Set 2 stream buffers, 262144 bytes each
[Encoder] SetChnEntropyMode: chn=0, mode=2
[I 1326298881] main: Channel 0: payloadType=0x1, computed profile=0x42
[Encoder] SetDefaultParam: 1920x1080, 20/1 fps, profile=66, rc=1
[I 1326299049] main: Encoder channel 0 configured: 1920x1080@20/1fps, GOP=20, bitrate=2000kbps, mode=CBR
[Codec] SetDefaultParam: initialized
[Encoder] channel_encoder_init: 1920x1080, profile=0x42->0x42, fps=20/1, gop=20, bitrate=0
[Fifo] Init: size=4, max_elements=5
[Fifo] Init: size=7, max_elements=8
[Codec] Create: vendor library will handle hardware acceleration via /dev/avpu
[Codec] Create: codec=0x7597a0d0, channel=0
[Encoder] channel_encoder_init: frame_cnt=4, frame_size=1048576
[Fifo] Init: size=4, max_elements=5
[Encoder] CreateChn: chn=0, profile=66 created successfully
[Encoder] SetChnGopLength: chn=0, gop=20
[Encoder] RequestIDR: chn=0
[HW_Encoder] RequestIDR: next frame will be IDR
[Encoder] RegisterChn: grp=0, chn=0
[I 1326300725] main: Encoder initialized successfully
[I 1326300773] main: Initializing JPEG encoder for channel 4 (stream 0)
[Encoder] SetDefaultParam: 1920x1080, 20/1 fps, profile=67108864, rc=0
[D 1326300935] main: Set default JPEG parameters for channel 4: 1920x1080
[Codec] SetDefaultParam: initialized
[Encoder] channel_encoder_init: 1920x1080, profile=0x4000000->0x0, fps=20/1, gop=0, bitrate=0
[Fifo] Init: size=4, max_elements=5
[Fifo] Init: size=7, max_elements=8
[Codec] Create: vendor library will handle hardware acceleration via /dev/avpu
[Codec] Create: codec=0x7597ab80, channel=1
[Encoder] channel_encoder_init: frame_cnt=4, frame_size=1048576
[Fifo] Init: size=4, max_elements=5
[Encoder] CreateChn: chn=4, profile=67108864 created successfully
[D 1326301897] main: Created JPEG channel 4
[Encoder] RegisterChn: grp=0, chn=4
[D 1326302057] main: Registered JPEG channel 4 to group 0
[I 1326302172] main: JPEG encoder channel 4 initialized successfully
[I 1326302215] main: Stream 1 disabled, skipping JPEG encoder initialization
[I 1326302337] main: Binding FrameSource -> Encoder for channel 0 (OSD disabled)
[System] Bind request: [0,0,0] -> [1,0,0]
[System] Binding [0,0,0] -> [1,0,0]
[System] Bound FrameSource -> Encoder (observer added)
[I 1326302553] main: Bound FrameSource -> Encoder for channel 0
[I 1326302587] main: Channel 1 not enabled, skipping bind
[I 1326302709] main: Channel 2 not enabled, skipping bind
[I 1326302751] main: Channel 3 not enabled, skipping bind
[I 1326302802] main: Enabling FrameSource channel 0
[I 1326302925] main: Channel 0: nrVBs=1, resolution=1920x1080
[FrameSource] GetChnFifoAttr: chn=0 -> maxdepth=1, depth=1
[I 1326303076] main: Channel 0: FIFO maxdepth=1, type=1
[I 1326303119] main: Channel 0: Expected VBM allocation ~3110400 bytes (3.0MB) for 1 buffers
[KernelIF] Set format: 1920x1080 fmt=0xa (fourcc=0x3231564e) sizeimage=3110400->3133440 bytesperline=2880 colorspace=8
[FrameSource] EnableChn: using sizeimage=3133440 from SET_FMT for chn=0
[KernelIF] Set buffer count: 4 (actual: 4)
[VBM] CreatePool: invalid frame_count=0, using default 4
[VBM] CreatePool: allocating pool_size=4640 (frame_count=4 * 0x428 + 0x180)
[VBM] CreatePool: chn=0, 1920x1080 fmt=0xa, 4 frames, size=3133440
[DMA] Alloc: ��� sizн� size=12533760 phys=0x6778000 virt=0x75df5000 (rmem off=0x478000)
[VBM] Frame 0: phys=0x6778000 virt=0x75df5000
[VBM] Frame 1: phys=0x6a75000 virt=0x760f2000
[VBM] Frame 2: phys=0x6d72000 virt=0x763ef000
[VBM] Frame 3: phys=0x706f000 virt=0x766ec000
[VBM] CreatePool: chn=0 created successfully
[VBM] FillPool: chn=0, filling 4 frames
[VBM] FillPool: queued 4 frames
[VBM] PrimeKernelQueue: idx=0 querybuf=0, using frame size=3133440 (NV12 would be 3110400, w=1920 h=1080)
[VBM] PrimeKernelQueue: idx=1 querybuf=0, using frame size=3133440 (NV12 would be 3110400, w=1920 h=1080)
[VBM] PrimeKernelQueue: idx=2 querybuf=0, using frame size=3133440 (NV12 would be 3110400, w=1920 h=1080)
[VBM] PrimeKernelQueue: idx=3 querybuf=0, using frame size=3133440 (NV12 would be 3110400, w=1920 h=1080)
[VBM] PrimeKernelQueue: queued 4 frames to kernel for chn=0
[KernelIF] Stream started
[FrameSource] EnableChn: chn=0 enabled successfully
[Encoder] stream_thread: started for channel 0
[Encoder] encoder_thread: started for channel 4
[Encoder] stream_thread: started for channel 4
[Encoder] encoder_thread: started for channel 0
[I 1326306628] main: FrameSource channel 0 enabled successfully
[I 1326306689] main: FrameSource stream started successfully
[I 1326306727] main: OSD updates will be handled by OSD module
[Encoder] RequestIDR: chn=0
[HW_Encoder] RequestIDR: next frame will be IDR
[Encoder] StartRecvPic: chn=0
[I 1326306935] main: Encoder channel 0 started receiving pictures
[Encoder] RequestIDR: chn=0
[HW_Encoder] RequestIDR: next frame will be IDR
[I 1326307107] MODULE: Starting all initialized modules
[I 1326307149] MODULE: Starting module 'rtsp'
[I 1326307271] RTSP_MODULE: Starting RTSP module
[D 1326307335] RTSP: Creating RTSP server on port 554
[D 1326307534] RTSP: Copying RTSP server configuration
[D 1326307713] RTSP: Initializing GOP cache
[D 1326307851] RTSP: Initializing GOP cache for channel 0
[D 1326307895] RTSP: Initializing frame buffers for channel 0
[D 1326307927] RTSP: Allocating frame buffer 0 for channel 0
[D 1326307990] RTSP: Allocating frame buffer 1 for channel 0
[D 1326308163] RTSP: Allocating frame buffer 2 for channel 0
[D 1326308414] RTSP: Allocating frame buffer 3 for channel 0
[D 1326308597] RTSP: Allocating frame buffer 4 for channel 0
[D 1326308665] RTSP: Allocating frame buffer 5 for channel 0
[D 1326308841] RTSP: Allocating frame buffer 6 for channel 0
[D 1326309010] RTSP: Allocating frame buffer 7 for channel 0
[D 1326309172] RTSP: Allocating frame buffer 8 for channel 0
[D 1326309222] RTSP: Allocating frame buffer 9 for channel 0
[D 1326309383] RTSP: Allocating frame buffer 10 for channel 0
[D 1326309439] RTSP: Allocating frame buffer 11 for channel 0
[D 1326309593] RTSP: Allocating frame buffer 12 for channel 0
[D 1326309666] RTSP: Allocating frame buffer 13 for channel 0
[D 1326309827] RTSP: Allocating frame buffer 14 for channel 0
[D 1326310083] RTSP: Allocating frame buffer 15 for channel 0
[D 1326310173] RTSP: Allocating frame buffer 16 for channel 0
[D 1326310369] RTSP: Allocating frame buffer 17 for channel 0
[D 1326310525] RTSP: Allocating frame buffer 18 for channel 0
[D 1326310597] RTSP: Allocating frame buffer 19 for channel 0
[D 1326310766] RTSP: Allocating frame buffer 20 for channel 0
[D 1326310911] RTSP: Allocating frame buffer 21 for channel 0
[D 1326310994] RTSP: Allocating frame buffer 22 for channel 0
[D 1326311165] RTSP: Allocating frame buffer 23 for channel 0
[D 1326311309] RTSP: Allocating frame buffer 24 for channel 0
[D 1326311373] RTSP: Allocating frame buffer 25 for channel 0
[D 1326311523] RTSP: Allocating frame buffer 26 for channel 0
[D 1326311596] RTSP: Allocating frame buffer 27 for channel 0
[D 1326311763] RTSP: Allocating frame buffer 28 for channel 0
[D 1326311913] RTSP: Allocating frame buffer 29 for channel 0
[D 1326311975] RTSP: Allocating frame buffer 30 for channel 0
[D 1326312124] RTSP: Allocating frame buffer 31 for channel 0
[D 1326312197] RTSP: Allocating frame buffer 32 for channel 0
[D 1326312363] RTSP: Allocating frame buffer 33 for channel 0
[D 1326312513] RTSP: Allocating frame buffer 34 for channel 0
[D 1326312572] RTSP: Allocating frame buffer 35 for channel 0[FrameSource] frame_capture_thread: started for channel 0, state=2, fd=7

[D 1326312759] RTSP: Allocating frame buffer 36 for channel 0
[D 1326312829] RTSP: Allocating frame buffer 37 for channel 0
[D 1326313002] RTSP: Allocating frame buffer 38 for channel 0
[D 1326313156] RTSP: Allocating frame buffer 39 for channel 0
[D 1326313209] RTSP: Allocating frame buffer 40 for channel 0
[D 1326313350] RTSP: Allocating frame buffer 41 for channel 0
[D 1326313419] RTSP: Allocating frame buffer 42 for channel 0
[D 1326313585] RTSP: Allocating frame buffer 43 for channel 0
[D 1326313727] RTSP: Allocating frame buffer 44 for channel 0
[D 1326313778] RTSP: Allocating frame buffer 45 for channel 0
[D 1326313916] RTSP: Allocating frame buffer 46 for channel 0
[D 1326313968] RTSP: Allocating frame buffer 47 for channel 0
[D 1326314115] RTSP: Allocating frame buffer 48 for channel 0
[D 1326314164] RTSP: Allocating frame buffer 49 for channel 0
[D 1326314307] RTSP: Allocating frame buffer 50 for channel 0
[D 1326314438] RTSP: Allocating frame buffer 51 for channel 0
[D 1326314507] RTSP: Allocating frame buffer 52 for channel 0
[D 1326314667] RTSP: Allocating frame buffer 53 for channel 0
[D 1326314718] RTSP: Allocating frame buffer 54 for channel 0
[D 1326314865] RTSP: Allocating frame buffer 55 for channel 0
[D 1326314912] RTSP: Allocating frame buffer 56 for channel 0
[D 1326315058] RTSP: Allocating frame buffer 57 for channel 0
[D 1326315193] RTSP: Allocating frame buffer 58 for channel 0
[D 1326315246] RTSP: Allocating frame buffer 59 for channel 0
[D 1326315391] RTSP: Initializing GOP cache for channel 1
[D 1326315433] RTSP: Initializing frame buffers for channel 1
[D 1326315548] RTSP: Allocating frame buffer 0 for channel 1
[D 1326315601] RTSP: Allocating frame buffer 1 for channel 1
[D 1326315663] RTSP: Allocating frame buffer 2 for channel 1
[D 1326315820] RTSP: Allocating frame buffer 3 for channel 1
[D 1326315967] RTSP: Allocating frame buffer 4 for channel 1
[D 1326316024] RTSP: Allocating frame buffer 5 for channel 1
[D 1326316167] RTSP: Allocating frame buffer 6 for channel 1
[D 1326316217] RTSP: Allocating frame buffer 7 for channel 1
[D 1326316359] RTSP: Allocating frame buffer 8 for channel 1
[D 1326316406] RTSP: Allocating frame buffer 9 for channel 1
[D 1326316597] RTSP: Allocating frame buffer 10 for channel 1
[D 1326316762] RTSP: Allocating frame buffer 11 for channel 1
[D 1326316835] RTSP: Allocating frame buffer 12 for channel 1
[D 1326317006] RTSP: Allocating frame buffer 13 for channel 1
[D 1326317062] RTSP: Allocating frame buffer 14 for channel 1
[D 1326317215] RTSP: Allocating frame buffer 15 for channel 1
[D 1326317261] RTSP: Allocating frame buffer 16 for channel 1
[D 1326317406] RTSP: Allocating frame buffer 17 for channel 1
[D 1326317455] RTSP: Allocating frame buffer 18 for channel 1
[D 1326317596] RTSP: Allocating frame buffer 19 for channel 1
[D 1326317646] RTSP: Allocating frame buffer 20 for channel 1
[D 1326317785] RTSP: Allocating frame buffer 21 for channel 1
[D 1326317853] RTSP: Allocating frame buffer 22 for channel 1
[D 1326318023] RTSP: Allocating frame buffer 23 for channel 1
[D 1326318171] RTSP: Allocating frame buffer 24 for channel 1
[D 1326318221] RTSP: Allocating frame buffer 25 for channel 1
[D 1326318365] RTSP: Allocating frame buffer 26 for channel 1
[D 1326318579] RTSP: Allocating frame buffer 27 for channel 1
[D 1326318637] RTSP: Allocating frame buffer 28 for channel 1
[D 1326318778] RTSP: Allocating frame buffer 29 for channel 1
[D 1326318837] RTSP: Allocating frame buffer 30 for channel 1
[D 1326318879] RTSP: Allocating frame buffer 31 for channel 1
[D 1326319055] RTSP: Allocating frame buffer 32 for channel 1
[D 1326319225] RTSP: Allocating frame buffer 33 for channel 1
[D 1326319277] RTSP: Allocating frame buffer 34 for channel 1
[D 1326319426] RTSP: Allocating frame buffer 35 for channel 1
[D 1326319475] RTSP: Allocating frame buffer 36 for channel 1
[D 1326319618] RTSP: Allocating frame buffer 37 for channel 1
[D 1326319669] RTSP: Allocating frame buffer 38 for channel 1
[D 1326319809] RTSP: Allocating frame buffer 39 for channel 1
[D 1326319865] RTSP: Allocating frame buffer 40 for channel 1
[D 1326320047] RTSP: Allocating frame buffer 41 for channel 1
[D 1326320237] RTSP: Allocating frame buffer 42 for channel 1
[D 1326320405] RTSP: Allocating frame buffer 43 for channel 1
[D 1326320545] RTSP: Allocating frame buffer 44 for channel 1
[D 1326320597] RTSP: Allocating frame buffer 45 for channel 1
[D 1326320736] RTSP: Allocating frame buffer 46 for channel 1
[D 1326320788] RTSP: Allocating frame buffer 47 for channel 1
[D 1326320931] RTSP: Allocating frame buffer 48 for channel 1
[D 1326320983] RTSP: Allocating frame buffer 49 for channel 1
[D 1326321126] RTSP: Allocating frame buffer 50 for channel 1
[D 1326321173] RTSP: Allocating frame buffer 51 for channel 1
[D 1326321329] RTSP: Allocating frame buffer 52 for channel 1
[D 1326321485] RTSP: Allocating frame buffer 53 for channel 1
[D 1326321753] RTSP: Allocating frame buffer 54 for channel 1
[D 1326322549] RTSP: Allocating frame buffer 55 for channel 1
[D 1326322595] RTSP: Allocating frame buffer 56 for channel 1
[D 1326322741] RTSP: Allocating frame buffer 57 for channel 1
[D 1326322805] RTSP: Allocating frame buffer 58 for channel 1
[D 1326322949] RTSP: Allocating frame buffer 59 for channel 1
[D 1326323009] RTSP: Initializing clients
[D 1326323048] RTSP: Initializing client 0
[D 1326323179] RTSP: Initializing client 1
[D 1326323218] RTSP: Initializing client 2
[D 1326323260] RTSP: Initializing client 3
[D 1326323387] RTSP: Initializing client 4
[D 1326323607] RTSP: Initializing client 5
[D 1326323682] RTSP: Initializing client 6
[D 1326323718] RTSP: Initializing client 7
[D 1326323857] RTSP: RTSP server created successfully
[E 1326323903] RTSP_MODULE: RTSP: Configuring stream 0 (ch0): 1920x1080, bitrate=2048
[Encoder] GetChnAttr: chn=0
[D 1326324083] RTSP: Adding stream: ch0 (channel 0, H264)
[D 1326324132] RTSP: Reallocating streams array (current count: 0)
[D 1326324268] RTSP: Copying stream configuration
[D 1326324311] RTSP: Stream added successfully (total streams: 1)
[Encoder] RequestIDR: chn=0
[HW_Encoder] RequestIDR: next frame will be IDR
[Encoder] StartRecvPic: chn=0
[I 1326324513] RTSP: Starting RTSP server
[I 1326324549] RTSP: Creating listen socket...
[I 1326324693] RTSP: Listen socket created successfully
[I 1326324744] RTSP: Binding socket to port 554...
[I 1326324907] RTSP: Socket bound successfully to port 554
[I 1326325037] RTSP: Setting socket to listen mode...
[I 1326325108] RTSP: Socket listening successfully
[I 1326325252] RTSP: Starting RTSP server thread...
[I 1326325377] RTSP: RTSP server thread started successfully
[I 1326325563] RTSP: Starting RTP thread...
[I 1326325760] RTSP: RTP thread started successfully
[I 1326325922] RTSP: RTSP server started successfully on port 554
[I 1326325963] MODULE: Module 'rtsp' started successfully
[I 1326326096] MODULE: Module start complete: 1 success, 0 errors
[I 1326326140] main: Modules started
[I 1326326197] SNAPSHOT_FALLBACK: Snapshot fallback initialized (dir=/tmp, interval=5000ms)
[I 1326326348] SNAPSHOT_FALLBACK: HTTP module not available, starting snapshot fallback
[I 1326326464] SNAPSHOT_FALLBACK: Snapshot fallback started
[I 1326326753] main: Snapshot fallback system started
[I 1326326800] main: Initialization complete, starting frame manager
[I 1326326853] FRAME_MGR: Frame manager initialized successfully
[I 1326327065] FRAME_MGR: Frame manager started successfully
[I 1326327243] main: Frame manager started - using modular architecture
[I 1326327377] SNAPSHOT_FALLBACK: Snapshot fallback worker thread started
[D 1326327679] SNAPSHOT_FALLBACK: Capturing snapshot for channel 0 to /tmp/snap0.jpg
[Encoder] RequestIDR: chn=4
[HW_Encoder] RequestIDR: next frame will be IDR
[Encoder] StartRecvPic: chn=4
[I 1326327791] FRAME_MGR: Frame processing thread started
[I 1326328757] FRAME_MGR: 64MB SoC: Using aggressive polling timeout: 25ms (was 50ms)
[W 1326328481] SNAPSHOT_FALLBACK: Polling JPEG stream timeout for channel 0
[Encoder] StopRecvPic: chn=4
[D 1326930048] SNAPSHOT_FALLBACK: Capturing snapshot for channel 0 to /tmp/snap0.jpg
^C
root@ing-wyze-cam3-a000 opt# dmesg 
[    0.000000] Initializing cgroup subsys cpu
[    0.000000] Initializing cgroup subsys cpuacct
[    0.000000] Linux version 3.10.14__isvp_swan_1.0__ (buildroot@buildroot) (buildroot-gcc-14.3.0) #1 PREEMPT Sun Sep 7 20:46:40 UTC 2025
[    0.000000] CPU0 RESET ERROR PC:801ADC80
[    0.000000] [<801adc80>] 0x801adc80
[    0.000000] CPU0 revision is: 00d00100 (Ingenic Xburst)
[    0.000000] FPU revision is: 00b70000
[    0.000000] cgu_get_rate, parent = 1392000000, rate = 0, m = 129, n = 255, reg val = 0x081000ff
[    0.000000] cgu_get_rate, parent = 1392000000, rate = 0, m = 129, n = 255, reg val = 0x081000ff
[    0.000000] CCLK:1392MHz L2CLK:696Mhz H0CLK:200MHz H2CLK:200Mhz PCLK:100Mhz
[    0.000000] Determined physical RAM map:
[    0.000000]  memory: 0044e000 @ 00010000 (usable)
[    0.000000]  memory: 00032000 @ 0045e000 (usable after init)
[    0.000000] User-defined physical RAM map:
[    0.000000]  memory: 06300000 @ 00000000 (usable)
[    0.000000] Zone ranges:
[    0.000000]   Normal   [mem 0x00000000-0x062fffff]
[    0.000000] Movable zone start for each node
[    0.000000] Early memory node ranges
[    0.000000]   node   0: [mem 0x00000000-0x062fffff]
[    0.000000] On node 0 totalpages: 25344
[    0.000000] free_area_init_node: node 0, pgdat 804562c0, node_mem_map 81000000
[    0.000000]   Normal zone: 198 pages used for memmap
[    0.000000]   Normal zone: 0 pages reserved
[    0.000000]   Normal zone: 25344 pages, LIFO batch:7
[    0.000000] Primary instruction cache 32kB, 8-way, VIPT, linesize 32 bytes.
[    0.000000] Primary data cache 32kB, 8-way, VIPT, no aliases, linesize 32 bytes
[    0.000000] pls check processor_id[0x00d00100],sc_jz not support!
[    0.000000] MIPS secondary cache 128kB, 8-way, linesize 32 bytes.
[    0.000000] pcpu-alloc: s0 r0 d32768 u32768 alloc=1*32768
[    0.000000] pcpu-alloc: [0] 0 
[    0.000000] Built 1 zonelists in Zone order, mobility grouping off.  Total pages: 25146
[    0.000000] Kernel command line: mem=99M@0x0 rmem=29M@0x6300000 console=ttyS1,115200n8 panic=10 root=/dev/mtdblock4 rootfstype=squashfs init=/init mtdparts=jz_sfc:256k(boot),32k(env),224k(config),1472k(kernel),6272k(rootfs),-(rootfs_data),15872k@0x80000(upgrade),16384k@0(all)
[    0.000000] PID hash table entries: 512 (order: -1, 2048 bytes)
[    0.000000] Dentry cache hash table entries: 16384 (order: 4, 65536 bytes)
[    0.000000] Inode-cache hash table entries: 8192 (order: 3, 32768 bytes)
[    0.000000] Memory: 95136k/101376k available (3683k kernel code, 6240k reserved, 721k data, 200k init, 0k highmem)
[    0.000000] SLUB: HWalign=32, Order=0-3, MinObjects=0, CPUs=1, Nodes=1
[    0.000000] Preemptible hierarchical RCU implementation.
[    0.000000] NR_IRQS:358
[    0.000000] clockevents_config_and_register success.
[    0.000012] Calibrating delay loop... 1391.00 BogoMIPS (lpj=6955008)
[    0.090039] pid_max: default: 32768 minimum: 301
[    0.090195] Mount-cache hash table entries: 512
[    0.090582] Initializing cgroup subsys debug
[    0.090599] Initializing cgroup subsys freezer
[    0.092102] devtmpfs: initialized
[    0.093574] regulator-dummy: no parameters
[    0.093826] NET: Registered protocol family 16
[    0.097279] set gpio strength: 32-2
[    0.097290] set gpio strength: 33-2
[    0.097296] set gpio strength: 34-2
[    0.097302] set gpio strength: 35-2
[    0.097308] set gpio strength: 36-2
[    0.097314] set gpio strength: 37-2
[    0.108218] bio: create slab <bio-0> at 0
[    0.113811] jz-dma jz-dma: JZ SoC DMA initialized
[    0.114943] usbcore: registered new interface driver usbfs
[    0.115120] usbcore: registered new interface driver hub
[    0.115311] usbcore: registered new device driver usb
[    0.115643]  (null): set:249  hold:250 dev=100000000 h=500 l=500
[    0.117852] cfg80211: Calling CRDA to update world regulatory domain
[    0.118954] Switching to clocksource jz_clocksource
[    0.121436] dwc2 otg probe start
[    0.121462] jz-dwc2 jz-dwc2: cgu clk gate get error
[    0.121486] DWC IN OTG MODE
[    0.122269] dwc2 dwc2: Keep PHY ON
[    0.122280] dwc2 dwc2: Using Buffer DMA mode
[    0.122289] dwc2 dwc2: Core Release: 3.00a
[    0.122330] dwc2 dwc2: DesignWare USB2.0 High-Speed Host Controller
[    0.122350] dwc2 dwc2: new USB bus registered, assigned bus number 1
[    0.123350] hub 1-0:1.0: USB hub found
[    0.123374] hub 1-0:1.0: 1 port detected
[    0.123470] dwc2 dwc2: DWC2 Host Initialized
[    0.123815] dwc2 dwc2: enter dwc2_gadget_plug_change:2588: plugin = 1 pullup_on = 0 suspend = 0
[    0.123832] dwc2 otg probe success
[    0.124090] NET: Registered protocol family 2
[    0.124438] TCP established hash table entries: 1024 (order: 1, 8192 bytes)
[    0.124466] TCP bind hash table entries: 1024 (order: 0, 4096 bytes)
[    0.124486] TCP: Hash tables configured (established 1024 bind 1024)
[    0.124532] TCP: reno registered
[    0.124544] UDP hash table entries: 256 (order: 0, 4096 bytes)
[    0.124563] UDP-Lite hash table entries: 256 (order: 0, 4096 bytes)
[    0.124734] NET: Registered protocol family 1
[    0.125016] RPC: Registered named UNIX socket transport module.
[    0.125027] RPC: Registered udp transport module.
[    0.125032] RPC: Registered tcp transport module.
[    0.125037] RPC: Registered tcp NFSv4.1 backchannel transport module.
[    0.125604] freq_udelay_jiffys[0].max_num = 10
[    0.125612] cpufreq 	udelay 	loops_per_jiffy	
[    0.125618] 12000	 59956	 59956	
[    0.125624] 24000	 119913	 119913	
[    0.125629] 60000	 299784	 299784	
[    0.125634] 120000	 599569	 599569	
[    0.125640] 200000	 999282	 999282	
[    0.125646] 300000	 1498924	 1498924	
[    0.125651] 600000	 2997848	 2997848	
[    0.125656] 792000	 3957159	 3957159	
[    0.125662] 1008000	 5036385	 5036385	
[    0.125668] 1200000	 5995696	 5995696	
[    0.136379] squashfs: version 4.0 (2009/01/31) Phillip Lougher
[    0.137583] jffs2: version 2.2. © 2001-2006 Red Hat, Inc.
[    0.138156] msgmni has been set to 185
[    0.139539] io scheduler noop registered
[    0.139572] io scheduler cfq registered (default)
[    0.146192] jz-uart.1: ttyS1 at MMIO 0x10031000 (irq = 58) is a uart1
[    0.224662] dwc2 dwc2: ID PIN CHANGED!
[    0.632143] console [ttyS1] enabled
[    0.636414] logger: created 256K log 'log_main'
[    0.642970] jz TCU driver register completed
[    0.648282] the id code = b4018, the flash name is XT25F128B
[    0.654205] JZ SFC Controller for SFC channel 0 driver register
[    0.660349] 8 cmdlinepart partitions found on MTD device jz_sfc
[    0.666452] Creating 8 MTD partitions on "jz_sfc":
[    0.671554] 0x000000000000-0x000000040000 : "boot"
[    0.677517] 0x000000040000-0x000000048000 : "env"
[    0.683460] 0x000000048000-0x000000080000 : "config"
[    0.689759] 0x000000080000-0x0000001f0000 : "kernel"
[    0.695883] 0x0000001f0000-0x000000810000 : "rootfs"
[    0.702186] 0x000000810000-0x000001000000 : "rootfs_data"
[    0.708765] 0x000000080000-0x000001000000 : "upgrade"
[    0.715140] 0x000000000000-0x000001000000 : "all"
[    0.721141] SPI NOR MTD LOAD OK
[    0.724708] usbcore: registered new interface driver asix
[    0.730570] usbcore: registered new interface driver cdc_ether
[    0.736793] usbcore: registered new interface driver cdc_ncm
[    0.742739] i2c /dev entries driver
[    0.747176] jz-wdt: watchdog initialized
[    0.751896] TCP: cubic registered
[    0.756314] NET: Registered protocol family 10
[    0.761721] NET: Registered protocol family 17
[    0.767483] input: gpio-keys as /devices/platform/gpio-keys/input/input0
[    0.778862] VFS: Mounted root (squashfs filesystem) readonly on device 31:4.
[    0.789291] devtmpfs: mounted
[    0.792609] Freeing unused kernel memory: 200K (8045e000 - 80490000)
[    1.197122] jffs2: notice: (407) jffs2_build_xattr_subsystem: complete building xattr subsystem, 1 of xdatum (0 unchecked, 0 orphan) and 2 of xref (0 dead, 1 orphan) found.
[    1.959984] jffs2: notice: (419) jffs2_build_xattr_subsystem: complete building xattr subsystem, 0 of xdatum (0 unchecked, 0 orphan) and 0 of xref (0 dead, 0 orphan) found.
[    6.387239] jzmmc_v1.2 jzmmc_v1.2.0: vmmc regulator missing
[    6.389250] jzmmc_v1.2 jzmmc_v1.2.0: register success!
[    6.389316] jzmmc_v1.2 jzmmc_v1.2.1: vmmc regulator missing
[    6.392696] jzmmc_v1.2 jzmmc_v1.2.1: register success!
[    6.523141] exFAT: Version 1.2.9
[    6.552037] usbcore: registered new interface driver usbserial
[    6.572517] usbcore: registered new interface driver ch341
[    6.574966] usbserial: USB Serial support registered for ch341-uart
[    6.589743] usbcore: registered new interface driver cp210x
[    6.592153] usbserial: USB Serial support registered for cp210x
[    6.626992] request spk en gpio 63 ok!
[    6.627003] jz_codec_register: probe() successful!
[    6.627079] cgu_set_rate, parent = 1392000000, rate = 2048000, n = 10875, reg val = 0x01002a7b
[    6.627088] cgu_enable,cgu_i2s_spk reg val = 0x21002a7b
[    6.627105] cgu_set_rate, parent = 1392000000, rate = 2048000, n = 10875, reg val = 0x01002a7b
[    6.627112] cgu_enable,cgu_i2s_mic reg val = 0x21002a7b
[    7.029198] dma dma0chan24: Channel 24 have been requested.(phy id 7,type 0x06 desc a48ec000)
[    7.029487] dma dma0chan25: Channel 25 have been requested.(phy id 6,type 0x06 desc a47ab000)
[    7.029809] dma dma0chan26: Channel 26 have been requested.(phy id 5,type 0x04 desc a48c2000)
[    7.046592] @@@@ avpu driver ok(version H20220825a) @@@@@
[    7.077020] input: gpio-keys as /devices/platform/gpio-keys/input/input1
[    7.079840] Additional GPIO keys device registered with 1 buttons
[    7.274273] @@@@ tx-isp-probe ok(version H20221206a), compiler date=Dec  6 2022 @@@@@
[    7.283012] The version of PWM driver is H20210412a
[    7.293764] pwm-jz pwm-jz: jz_pwm_probe register ok !
[    7.805389] jzmmc_v1.2 jzmmc_v1.2.1: card insert via sysfs
[    7.921433] mmc1: card claims to support voltages below the defined range. These will be ignored.
[    7.979857] mmc1: new SDIO card at address 0001
[    8.193580] RTW: module init start
[    8.193594] RTW: rtl8189fs v5.11.6.0-2-gb9aa73b62.20211117
[    8.193600] RTW: build time: Sep  7 2025 20:46:40
[    8.193874] RTW: == SDIO Card Info ==
[    8.193884] RTW:   card: 84b34c00
[    8.193891] RTW:   clock: 24000000 Hz
[    8.193896] RTW:   timing spec: legacy
[    8.193904] RTW:   sd3_bus_mode: FALSE
[    8.193909] RTW:   func num: 1
[    8.193916] RTW:   func1: 84b3f900 (*)
[    8.193921] RTW: ================
[    8.223108] RTW: HW EFUSE
[    8.223122] RTW: 0x000: 29 81 03 CC  00 00 50 00  00 00 04 CC  0A 0C 00 00  
[    8.223154] RTW: 0x010: 24 25 26 27  27 27 2C 2C  2E 2E 2E 02  FF FF FF FF  
[    8.223187] RTW: 0x020: FF FF FF FF  FF FF FF FF  FF FF FF FF  FF FF FF FF  
[    8.223220] RTW: 0x030: FF FF FF FF  FF FF FF FF  FF FF FF FF  FF FF FF FF  
[    8.223252] RTW: 0x040: FF FF FF FF  FF FF FF FF  FF FF FF FF  FF FF FF FF  
[    8.223285] RTW: 0x050: FF FF FF FF  FF FF FF FF  FF FF FF FF  FF FF FF FF  
[    8.223318] RTW: 0x060: FF FF FF FF  FF FF FF FF  FF FF FF FF  FF FF FF FF  
[    8.223350] RTW: 0x070: FF FF FF FF  FF FF FF FF  FF FF FF FF  FF FF FF FF  
[    8.223383] RTW: 0x080: FF FF FF FF  FF FF FF FF  FF FF FF FF  FF FF FF FF  
[    8.223416] RTW: 0x090: FF FF FF FF  FF FF FF FF  FF FF FF FF  FF FF FF FF  
[    8.223448] RTW: 0x0A0: FF FF FF FF  FF FF FF FF  FF FF FF FF  FF FF FF FF  
[    8.223481] RTW: 0x0B0: FF FF FF FF  FF FF FF FF  20 1C 1B 00  00 00 00 FF  
[    8.223514] RTW: 0x0C0: FF 12 00 10  00 FF 00 FF  00 00 FF FF  FF FF FF FF  
[    8.223546] RTW: 0x0D0: 3E 10 01 12  23 FF FF FF  20 04 4C 02  79 F1 21 02  
[    8.223578] RTW: 0x0E0: 0C 00 22 04  00 08 00 32  FF 21 02 0C  00 22 2A 01  
[    8.223610] RTW: 0x0F0: 01 00 00 00  00 00 00 00  00 00 00 00  02 00 FF FF  
[    8.223642] RTW: 0x100: 00 00 00 00  00 00 00 00  00 00 00 00  00 00 00 00  
[    8.223673] RTW: 0x110: 00 EB 00 6E  01 00 00 00  00 FF 4C 31  2D 6A D0 0D  
[    8.223705] RTW: 0x120: FF FF FF FF  FF FF FF FF  FF FF FF FF  FF FF FF FF  
[    8.223738] RTW: 0x130: FF FF FF FF  FF FF FF FF  FF FF FF FF  FF FF FF FF  
[    8.223770] RTW: 0x140: FF FF FF FF  FF FF FF FF  FF FF FF FF  FF FF FF FF  
[    8.223803] RTW: 0x150: FF FF FF FF  FF FF FF FF  FF FF FF FF  FF FF FF FF  
[    8.223836] RTW: 0x160: FF FF FF FF  FF FF FF FF  FF FF FF FF  FF FF FF FF  
[    8.223868] RTW: 0x170: FF FF FF FF  FF FF FF FF  FF FF FF FF  FF FF FF FF  
[    8.223902] RTW: 0x180: FF FF FF FF  FF FF FF FF  FF FF FF FF  FF FF FF FF  
[    8.223934] RTW: 0x190: FF FF FF FF  FF FF FF FF  FF FF FF FF  FF FF FF FF  
[    8.223967] RTW: 0x1A0: FF FF FF FF  FF FF FF FF  FF FF FF FF  FF FF FF FF  
[    8.224000] RTW: 0x1B0: FF FF FF FF  FF FF FF FF  FF FF FF FF  FF FF FF FF  
[    8.224061] RTW: 0x1C0: FF FF FF FF  FF FF FF FF  FF FF FF FF  FF FF FF FF  
[    8.224094] RTW: 0x1D0: FF FF FF FF  FF FF FF FF  FF FF FF FF  FF FF FF FF  
[    8.224127] RTW: 0x1E0: FF FF FF FF  FF FF FF FF  FF FF FF FF  FF FF FF FF  
[    8.224160] RTW: 0x1F0: FF FF FF FF  FF FF FF FF  FF FF FF FF  FF FF FF FF  
[    8.224202] RTW: hal_com_config_channel_plan chplan:0x20
[    8.308040] RTW: [RF_PATH] ver_id.RF_TYPE:RF_1T1R
[    8.308055] RTW: [RF_PATH] HALSPEC's rf_reg_trx_path_bmp:0x11, rf_reg_path_avail_num:1, max_tx_cnt:1
[    8.308062] RTW: [RF_PATH] PG's trx_path_bmp:0x00, max_tx_cnt:0
[    8.308069] RTW: [RF_PATH] Registry's trx_path_bmp:0x00, tx_path_lmt:0, rx_path_lmt:0
[    8.308076] RTW: [RF_PATH] HALDATA's trx_path_bmp:0x11, max_tx_cnt:1
[    8.308082] RTW: [RF_PATH] HALDATA's rf_type:RF_1T1R, NumTotalRFPath:1
[    8.308089] RTW: [TRX_Nss] HALSPEC - tx_nss:1, rx_nss:1
[    8.308095] RTW: [TRX_Nss] Registry - tx_nss:0, rx_nss:0
[    8.308101] RTW: [TRX_Nss] HALDATA - tx_nss:1, rx_nss:1
[    8.309422] RTW: rtw_regsty_chk_target_tx_power_valid return _FALSE for band:0, path:0, rs:0, t:-1
[    8.329524] RTW: rtw_ndev_init(wlan0) if1 mac_addr=4c:31:2d:6a:d0:0d
[    8.342748] RTW: rtw_ndev_init(wlan1) if2 mac_addr=4e:31:2d:6a:d0:0d
[    8.358512] RTW: module init ret=0
[    8.981697] RTW: txpath=0x1, rxpath=0x1
[    8.981709] RTW: txpath_1ss:0x1, num:1
[    9.067558] IPv6: ADDRCONF(NETDEV_UP): wlan0: link is not ready
[   10.752919] RTW: rtw_set_802_11_connect(wlan0)  fw_state=0x00000008
[   10.955500] RTW: start auth
[   10.960062] RTW: auth success, start assoc
[   10.966547] RTW: assoc success
[   10.966638] IPv6: ADDRCONF(NETDEV_CHANGE): wlan0: link becomes ready
[   10.968110] RTW: ============ STA [e8:9c:25:02:11:0c]  ===================
[   10.968121] RTW: mac_id : 0
[   10.968126] RTW: wireless_mode : 0x0b
[   10.968132] RTW: mimo_type : 0
[   10.968138] RTW: static smps : N
[   10.968144] RTW: bw_mode : 20MHz, ra_bw_mode : 20MHz
[   10.968150] RTW: rate_id : 3
[   10.968156] RTW: rssi : -1 (%), rssi_level : 0
[   10.968162] RTW: is_support_sgi : Y, is_vht_enable : N
[   10.968168] RTW: disable_ra : N, disable_pt : N
[   10.968173] RTW: is_noisy : N
[   10.968178] RTW: txrx_state : 0
[   10.968184] RTW: curr_tx_rate : CCK_1M (L)
[   10.968190] RTW: curr_tx_bw : 20MHz
[   10.968195] RTW: curr_retry_ratio : 0
[   10.968201] RTW: ra_mask : 0x00000000000fffff
[   10.968201] 
[   10.970050] RTW: recv eapol packet 1/4
[   10.971296] RTW: send eapol packet 2/4
[   10.976867] RTW: recv eapol packet 3/4
[   10.977223] RTW: send eapol packet 4/4
[   10.978396] RTW: set pairwise key camid:0, addr:e8:9c:25:02:11:0c, kid:0, type:AES
[   10.978692] RTW: set group key camid:1, addr:e8:9c:25:02:11:0c, kid:1, type:AES
[   22.909454] -----sensor_detect: 1330 ret = 0, v = 0x20
[   22.909952] -----sensor_detect: 1338 ret = 0, v = 0x53
[   22.909960] gc2053 chip found @ 0x37 (i2c0)
[   22.909965] sensor driver version H20230726a
[   23.098933] do_page_fault() #2: sending SIGSEGV to streamer for invalid read access from
[   23.098933] 00000400 
[   23.098947] epc = 774fc018 in libimp.so[774f7000+2f000]
[   23.099003] ra  = 774fc000 in libimp.so[774f7000+2f000]
[   23.099015] 
[  171.070580] -----sensor_detect: 1330 ret = 0, v = 0x20
[  171.071075] -----sensor_detect: 1338 ret = 0, v = 0x53
[  171.071082] gc2053 chip found @ 0x37 (i2c0)
[  171.071088] sensor driver version H20230726a
[  171.218409] do_page_fault() #2: sending SIGSEGV to streamer for invalid read access from
[  171.218409] 00000400 
[  171.218424] epc = 779280a0 in libimp.so[77923000+2f000]
[  171.218444] ra  = 77928088 in libimp.so[77923000+2f000]
[  171.218453] 
[  323.079103] -----sensor_detect: 1330 ret = 0, v = 0x20
[  323.079595] -----sensor_detect: 1338 ret = 0, v = 0x53
[  323.079602] gc2053 chip found @ 0x37 (i2c0)
[  323.079608] sensor driver version H20230726a
[  323.227761] gc2053 stream on
[  323.449004] ispcore: irq-status 0x00000040, err is 0x40,0x3f8,084c is 0x0
[  325.618645] gc2053 stream off
[  499.238789] -----sensor_detect: 1330 ret = 0, v = 0x20
[  499.239283] -----sensor_detect: 1338 ret = 0, v = 0x53
[  499.239291] gc2053 chip found @ 0x37 (i2c0)
[  499.239297] sensor driver version H20230726a
[  499.387986] gc2053 stream on
[  499.608699] ispcore: irq-status 0x00000040, err is 0x40,0x3f8,084c is 0x0
[  500.888401] gc2053 stream off
[  603.389243] -----sensor_detect: 1330 ret = 0, v = 0x20
[  603.389737] -----sensor_detect: 1338 ret = 0, v = 0x53
[  603.389745] gc2053 chip found @ 0x37 (i2c0)
[  603.389751] sensor driver version H20230726a
[  603.538062] gc2053 stream on
[  603.759155] ispcore: irq-status 0x00000040, err is 0x40,0x3f8,084c is 0x1
[  606.739200] gc2053 stream off
[ 1031.866465] RTW: recv eapol packet - WPA Group Key 1/2
[ 1031.867121] RTW: send eapol packet - WPA Group Key 2/2
[ 1031.867279] RTW: set group key camid:2, addr:e8:9c:25:02:11:0c, kid:2, type:AES
[ 1152.483042] -----sensor_detect: 1330 ret = 0, v = 0x20
[ 1152.483538] -----sensor_detect: 1338 ret = 0, v = 0x53
[ 1152.483546] gc2053 chip found @ 0x37 (i2c0)
[ 1152.483552] sensor driver version H20230726a
[ 1152.630909] gc2053 stream on
[ 1152.852972] ispcore: irq-status 0x00000040, err is 0x40,0x3f8,084c is 0x1
[ 1154.472563] gc2053 stream off
[ 1326.152944] -----sensor_detect: 1330 ret = 0, v = 0x20
[ 1326.153438] -----sensor_detect: 1338 ret = 0, v = 0x53
[ 1326.153445] gc2053 chip found @ 0x37 (i2c0)
[ 1326.153451] sensor driver version H20230726a
[ 1326.300946] gc2053 stream on
[ 1326.522855] ispcore: irq-status 0x00000040, err is 0x40,0x3f8,084c is 0x0
[ 1328.752646] gc2053 stream off
root@ing-wyze-cam3-a000 opt# 

