root@ing-wyze-cam3-a000 opt# ./streamer
[I 509784987] MODULE: Initializing module system
[I 509785850] MODULE: Module system initialized successfully
[I 509786812] MODULE: Registered module 'rtsp' v1.0.0 (RTSP streaming server module)
[D 509787730] main: Starting streamer - PID: 2978
[I 509788176] main: Channel metrics initialized (legacy mode)
[D 509788525] CONFIG: Using config file /opt/streamer.json
[I 509788770] CONFIG: Loading configuration from: /opt/streamer.json
[I 509789382] CONFIG: JSON configuration loaded successfully
[D 509789694] CONFIG: Parsing JSON configuration values...
[D 509790270] CONFIG: Parsed JPEG config: enabled=true, quality=85, channel=2
[D 509790526] CONFIG: Found streams array at root level
[D 509790748] CONFIG: Found streams array with 2 elements
[D 509791390] CONFIG: Allocated streams array for 2 streams
[D 509791925] CONFIG: Parsed resolution '1920x1080' as 1920x1080
[D 509793186] CONFIG: Parsed stream[0]: 1920x1080, endpoint=ch0
[D 509793746] CONFIG: Parsed resolution '640x360' as 640x360
[D 509794297] CONFIG: Parsed stream[1]: 640x360, endpoint=ch1
[D 509794715] CONFIG: JSON configuration parsed successfully
[D 509794957] CONFIG:   Stream[0]: 1920x1080, bitrate=2048kbps, endpoint='ch0'
[D 509795180] CONFIG:   Stream[1]: 640x360, bitrate=512kbps, endpoint='ch1'
[I 509795507] CONFIG: Configuration monitoring thread started
[I 509795806] CONFIG: Configuration initialized successfully
[D 509796026] main: Streamer configuration loaded successfully
[W 509796132] MODULE: Module system already initialized
[I 509796244] main: Module system initialized
[I 509796296] MODULE: Initializing 1 registered modules
[I 509796421] MODULE: Initializing module 'rtsp'
[D 509796527] MODULE: Trying module config: /opt/rtsp.json
[I 509796852] MODULE: Loading config for module 'rtsp' from /opt/rtsp.json (binary dir)
[I 509797188] RTSP_MODULE: RTSP config loaded - port: 554, enabled: true, TLS: disabled (port: 322)
[I 509797357] RTSP_MODULE: RTSP auth config - enabled: false, username: 'admin', password: 'admin'
[I 509797505] MODULE: Module 'rtsp' config loaded successfully
[I 509797628] MODULE: Module 'rtsp' initialized successfully
[I 509797672] MODULE: Module initialization complete: 1 success, 0 errors
[I 509797799] main: Modules initialized
[D 509797840] SENSOR: Getting sensor information from /proc/jz/sensor
[D 509798057] SENSOR:   name: gc2053
[D 509798455] SENSOR:   chip_id: 0x2053
[D 509799076] SENSOR:   version: H20230726a
[D 509799462] SENSOR:   i2c_addr: 0x37
[D 509799852] SENSOR:   width: 1920
[D 509800323] SENSOR:   height: 1080
[D 509801170] SENSOR:   min_fps: 5
[D 509802213] SENSOR:   max_fps: 40
[E 509802910] SENSOR: File /proc/jz/sensor/i2c_bus not found
[E 509803405] SENSOR: Using default value 0 for i2c_bus
[E 509803815] SENSOR: File /proc/jz/sensor/boot not found
[E 509803871] SENSOR: Using default value 0 for boot
[E 509803931] SENSOR: File /proc/jz/sensor/mclk not found
[E 509804290] SENSOR: Using default value 1 for mclk
[E 509804392] SENSOR: File /proc/jz/sensor/video_interface not found
[E 509804737] SENSOR: Using default value 0 for video_interface
[E 509804860] SENSOR: File /proc/jz/sensor/reset_gpio not found
[E 509805347] SENSOR: Using default value 91 for reset_gpio
[D 509805409] SENSOR: Sensor info: gc2053 (1920x1080@40fps, i2c:0x37)
[D 509805760] main: Sensor info read successfully
[D 509805821] SENSOR: Validating configuration against sensor capabilities
[I 509805866] SENSOR: Sensor configuration: 1920x1080@20fps
[I 509805911] SENSOR: All streams will use sensor FPS: 20fps
[D 509805953] main: Configuration validated and adjusted based on sensor capabilities
[D 509806271] main: System init start
[I 509806330] main: Opening ISP...
[IMP_ISP] Open: opened /dev/tx-isp (fd=4)
[I 509804229] CONFIG: Configuration monitoring started for: /opt/streamer.json
[I 509806771] main: ISP opened successfully
[I 509806871] main: Adding sensor...
[IMP_ISP] AddSensor: enum idx=0 name='gc2053'
[IMP_ISP] AddSensor: found matching sensor at index 0
[IMP_ISP] AddSensor: using sensor_idx=0 for gc2053
[IMP_ISP] AddSensor: calling TX_ISP_SENSOR_SET_INPUT with index=0
[IMP_ISP] AddSensor: TX_ISP_SENSOR_SET_INPUT succeeded
[IMP_ISP] AddSensor: ISP buffer info: addr=0x0 size=4685424
[DMA] DMA init: using /dev/rmem
[DMA] DMA init: /dev/rmem mapped at 0x752ce000 size=30408704 base_phys=0x06300000
[DMA] Alloc: (unnamed) size=4685424 phys=0x6300000 virt=0x752ce000 (rmem off=0x0)
[IMP_ISP] AddSensor: allocated ISP buffer: virt=0x752ce000 phys=0x6300000 size=4685424
[IMP_ISP] AddSensor: calling TX_ISP_SET_BUF with addr=0x6300000 size=4685424
[IMP_ISP] AddSensor: TX_ISP_SET_BUF succeeded
[IMP_ISP] AddSensor: gc2053 (idx=0, buf_size=4685424)
[I 510037895] main: Sensor added successfully
[I 510038339] main: Enabling sensor...
[IMP_ISP] EnableSensor: calling ioctl 0x800456dd (AE_INIT)
[IMP_ISP] EnableSensor: ioctl 0x800456dd (AE_INIT) succeeded
[IMP_ISP] EnableSensor: calling ioctl 0xc00456e3 (AWB_INIT)
[IMP_ISP] EnableSensor: ioctl 0xc00456e3 (AWB_INIT) succeeded
[IMP_ISP] EnableSensor: AE/AWB initialization complete, proceeding to sensor index check
[IMP_ISP] EnableSensor: about to call ioctl 0x40045626
[IMP_ISP] EnableSensor: ioctl 0x40045626 returned 0
[IMP_ISP] EnableSensor: ioctl 0x40045626 succeeded, sensor_idx=0
[IMP_ISP] EnableSensor: sensor index validated, proceeding to STREAMON
[IMP_ISP] EnableSensor: calling ioctl 0x80045612 (ISP STREAMON)
[IMP_ISP] EnableSensor: ioctl 0x80045612 succeeded
[IMP_ISP] EnableSensor: calling ioctl 0x800456d0 (LINK_SETUP)
[IMP_ISP] EnableSensor: ioctl 0x800456d0 succeeded, result=0
[IMP_ISP] EnableSensor: calling ioctl 0x800456d2 (LINK_STREAM_ON)
[IMP_ISP] EnableSensor: ioctl 0x800456d2 succeeded
[IMP_ISP] EnableSensor: sensor enabled (idx=0)
Segmentation fault
root@ing-wyze-cam3-a000 opt# dmesg 
[    0.000000] Initializing cgroup subsys cpu
[    0.000000] Initializing cgroup subsys cpuacct
[    0.000000] Linux version 3.10.14__isvp_swan_1.0__ (buildroot@buildroot) (buildroot-gcc-14.3.0) #1 PREEMPT Sun Sep 7 20:46:40 UTC 2025
[    0.000000] CPU0 RESET ERROR PC:801ADC80
[    0.000000] [<801adc80>] 0x801adc80
[    0.000000] CPU0 revision is: 00d00100 (Ingenic Xburst)
[    0.000000] FPU revision is: 00b70000
[    0.000000] cgu_get_rate, parent = 1392000000, rate = 0, m = 129, n = 255, reg val = 0x081000ff
[    0.000000] cgu_get_rate, parent = 1392000000, rate = 0, m = 129, n = 255, reg val = 0x081000ff
[    0.000000] CCLK:1392MHz L2CLK:696Mhz H0CLK:200MHz H2CLK:200Mhz PCLK:100Mhz
[    0.000000] Determined physical RAM map:
[    0.000000]  memory: 0044e000 @ 00010000 (usable)
[    0.000000]  memory: 00032000 @ 0045e000 (usable after init)
[    0.000000] User-defined physical RAM map:
[    0.000000]  memory: 06300000 @ 00000000 (usable)
[    0.000000] Zone ranges:
[    0.000000]   Normal   [mem 0x00000000-0x062fffff]
[    0.000000] Movable zone start for each node
[    0.000000] Early memory node ranges
[    0.000000]   node   0: [mem 0x00000000-0x062fffff]
[    0.000000] On node 0 totalpages: 25344
[    0.000000] free_area_init_node: node 0, pgdat 804562c0, node_mem_map 81000000
[    0.000000]   Normal zone: 198 pages used for memmap
[    0.000000]   Normal zone: 0 pages reserved
[    0.000000]   Normal zone: 25344 pages, LIFO batch:7
[    0.000000] Primary instruction cache 32kB, 8-way, VIPT, linesize 32 bytes.
[    0.000000] Primary data cache 32kB, 8-way, VIPT, no aliases, linesize 32 bytes
[    0.000000] pls check processor_id[0x00d00100],sc_jz not support!
[    0.000000] MIPS secondary cache 128kB, 8-way, linesize 32 bytes.
[    0.000000] pcpu-alloc: s0 r0 d32768 u32768 alloc=1*32768
[    0.000000] pcpu-alloc: [0] 0 
[    0.000000] Built 1 zonelists in Zone order, mobility grouping off.  Total pages: 25146
[    0.000000] Kernel command line: mem=99M@0x0 rmem=29M@0x6300000 console=ttyS1,115200n8 panic=10 root=/dev/mtdblock4 rootfstype=squashfs init=/init mtdparts=jz_sfc:256k(boot),32k(env),224k(config),1472k(kernel),6272k(rootfs),-(rootfs_data),15872k@0x80000(upgrade),16384k@0(all)
[    0.000000] PID hash table entries: 512 (order: -1, 2048 bytes)
[    0.000000] Dentry cache hash table entries: 16384 (order: 4, 65536 bytes)
[    0.000000] Inode-cache hash table entries: 8192 (order: 3, 32768 bytes)
[    0.000000] Memory: 95136k/101376k available (3683k kernel code, 6240k reserved, 721k data, 200k init, 0k highmem)
[    0.000000] SLUB: HWalign=32, Order=0-3, MinObjects=0, CPUs=1, Nodes=1
[    0.000000] Preemptible hierarchical RCU implementation.
[    0.000000] NR_IRQS:358
[    0.000000] clockevents_config_and_register success.
[    0.000012] Calibrating delay loop... 1391.00 BogoMIPS (lpj=6955008)
[    0.090039] pid_max: default: 32768 minimum: 301
[    0.090196] Mount-cache hash table entries: 512
[    0.090582] Initializing cgroup subsys debug
[    0.090599] Initializing cgroup subsys freezer
[    0.092102] devtmpfs: initialized
[    0.093574] regulator-dummy: no parameters
[    0.093828] NET: Registered protocol family 16
[    0.097276] set gpio strength: 32-2
[    0.097287] set gpio strength: 33-2
[    0.097293] set gpio strength: 34-2
[    0.097299] set gpio strength: 35-2
[    0.097305] set gpio strength: 36-2
[    0.097310] set gpio strength: 37-2
[    0.108199] bio: create slab <bio-0> at 0
[    0.113796] jz-dma jz-dma: JZ SoC DMA initialized
[    0.114924] usbcore: registered new interface driver usbfs
[    0.115100] usbcore: registered new interface driver hub
[    0.115289] usbcore: registered new device driver usb
[    0.115622]  (null): set:249  hold:250 dev=100000000 h=500 l=500
[    0.117828] cfg80211: Calling CRDA to update world regulatory domain
[    0.118929] Switching to clocksource jz_clocksource
[    0.121403] dwc2 otg probe start
[    0.121430] jz-dwc2 jz-dwc2: cgu clk gate get error
[    0.121454] DWC IN OTG MODE
[    0.122239] dwc2 dwc2: Keep PHY ON
[    0.122250] dwc2 dwc2: Using Buffer DMA mode
[    0.122259] dwc2 dwc2: Core Release: 3.00a
[    0.122300] dwc2 dwc2: DesignWare USB2.0 High-Speed Host Controller
[    0.122320] dwc2 dwc2: new USB bus registered, assigned bus number 1
[    0.123316] hub 1-0:1.0: USB hub found
[    0.123341] hub 1-0:1.0: 1 port detected
[    0.123438] dwc2 dwc2: DWC2 Host Initialized
[    0.123782] dwc2 dwc2: enter dwc2_gadget_plug_change:2588: plugin = 1 pullup_on = 0 suspend = 0
[    0.123798] dwc2 otg probe success
[    0.124057] NET: Registered protocol family 2
[    0.124405] TCP established hash table entries: 1024 (order: 1, 8192 bytes)
[    0.124434] TCP bind hash table entries: 1024 (order: 0, 4096 bytes)
[    0.124453] TCP: Hash tables configured (established 1024 bind 1024)
[    0.124499] TCP: reno registered
[    0.124510] UDP hash table entries: 256 (order: 0, 4096 bytes)
[    0.124530] UDP-Lite hash table entries: 256 (order: 0, 4096 bytes)
[    0.124700] NET: Registered protocol family 1
[    0.124981] RPC: Registered named UNIX socket transport module.
[    0.124993] RPC: Registered udp transport module.
[    0.124998] RPC: Registered tcp transport module.
[    0.125003] RPC: Registered tcp NFSv4.1 backchannel transport module.
[    0.125570] freq_udelay_jiffys[0].max_num = 10
[    0.125578] cpufreq 	udelay 	loops_per_jiffy	
[    0.125584] 12000	 59956	 59956	
[    0.125590] 24000	 119913	 119913	
[    0.125595] 60000	 299784	 299784	
[    0.125601] 120000	 599569	 599569	
[    0.125606] 200000	 999282	 999282	
[    0.125612] 300000	 1498924	 1498924	
[    0.125617] 600000	 2997848	 2997848	
[    0.125623] 792000	 3957159	 3957159	
[    0.125628] 1008000	 5036385	 5036385	
[    0.125634] 1200000	 5995696	 5995696	
[    0.136373] squashfs: version 4.0 (2009/01/31) Phillip Lougher
[    0.137578] jffs2: version 2.2. Â© 2001-2006 Red Hat, Inc.
[    0.138150] msgmni has been set to 185
[    0.139540] io scheduler noop registered
[    0.139575] io scheduler cfq registered (default)
[    0.146185] jz-uart.1: ttyS1 at MMIO 0x10031000 (irq = 58) is a uart1
[    0.224664] dwc2 dwc2: ID PIN CHANGED!
[    0.632146] console [ttyS1] enabled
[    0.636415] logger: created 256K log 'log_main'
[    0.642966] jz TCU driver register completed
[    0.648283] the id code = b4018, the flash name is XT25F128B
[    0.654207] JZ SFC Controller for SFC channel 0 driver register
[    0.660360] 8 cmdlinepart partitions found on MTD device jz_sfc
[    0.666469] Creating 8 MTD partitions on "jz_sfc":
[    0.671562] 0x000000000000-0x000000040000 : "boot"
[    0.677517] 0x000000040000-0x000000048000 : "env"
[    0.683461] 0x000000048000-0x000000080000 : "config"
[    0.689751] 0x000000080000-0x0000001f0000 : "kernel"
[    0.695865] 0x0000001f0000-0x000000810000 : "rootfs"
[    0.702171] 0x000000810000-0x000001000000 : "rootfs_data"
[    0.708748] 0x000000080000-0x000001000000 : "upgrade"
[    0.715127] 0x000000000000-0x000001000000 : "all"
[    0.721133] SPI NOR MTD LOAD OK
[    0.724713] usbcore: registered new interface driver asix
[    0.730577] usbcore: registered new interface driver cdc_ether
[    0.736798] usbcore: registered new interface driver cdc_ncm
[    0.742737] i2c /dev entries driver
[    0.747173] jz-wdt: watchdog initialized
[    0.751890] TCP: cubic registered
[    0.756299] NET: Registered protocol family 10
[    0.761709] NET: Registered protocol family 17
[    0.767459] input: gpio-keys as /devices/platform/gpio-keys/input/input0
[    0.778845] VFS: Mounted root (squashfs filesystem) readonly on device 31:4.
[    0.789266] devtmpfs: mounted
[    0.792588] Freeing unused kernel memory: 200K (8045e000 - 80490000)
[    1.198447] jffs2: notice: (407) jffs2_build_xattr_subsystem: complete building xattr subsystem, 1 of xdatum (0 unchecked, 0 orphan) and 2 of xref (0 dead, 1 orphan) found.
[    1.971183] jffs2: notice: (419) jffs2_build_xattr_subsystem: complete building xattr subsystem, 0 of xdatum (0 unchecked, 0 orphan) and 0 of xref (0 dead, 0 orphan) found.
[    6.395776] jzmmc_v1.2 jzmmc_v1.2.0: vmmc regulator missing
[    6.398336] jzmmc_v1.2 jzmmc_v1.2.0: register success!
[    6.398401] jzmmc_v1.2 jzmmc_v1.2.1: vmmc regulator missing
[    6.401091] jzmmc_v1.2 jzmmc_v1.2.1: register success!
[    6.532757] exFAT: Version 1.2.9
[    6.560543] usbcore: registered new interface driver usbserial
[    6.581003] usbcore: registered new interface driver ch341
[    6.583437] usbserial: USB Serial support registered for ch341-uart
[    6.597958] usbcore: registered new interface driver cp210x
[    6.600529] usbserial: USB Serial support registered for cp210x
[    6.637391] request spk en gpio 63 ok!
[    6.637401] jz_codec_register: probe() successful!
[    6.637478] cgu_set_rate, parent = 1392000000, rate = 2048000, n = 10875, reg val = 0x01002a7b
[    6.637487] cgu_enable,cgu_i2s_spk reg val = 0x21002a7b
[    6.637504] cgu_set_rate, parent = 1392000000, rate = 2048000, n = 10875, reg val = 0x01002a7b
[    6.637511] cgu_enable,cgu_i2s_mic reg val = 0x21002a7b
[    7.039176] dma dma0chan24: Channel 24 have been requested.(phy id 7,type 0x06 desc a48cf000)
[    7.039464] dma dma0chan25: Channel 25 have been requested.(phy id 6,type 0x06 desc a4829000)
[    7.039784] dma dma0chan26: Channel 26 have been requested.(phy id 5,type 0x04 desc a4878000)
[    7.056538] @@@@ avpu driver ok(version H20220825a) @@@@@
[    7.086930] input: gpio-keys as /devices/platform/gpio-keys/input/input1
[    7.089740] Additional GPIO keys device registered with 1 buttons
[    7.284102] @@@@ tx-isp-probe ok(version H20221206a), compiler date=Dec  6 2022 @@@@@
[    7.292813] The version of PWM driver is H20210412a
[    7.303514] pwm-jz pwm-jz: jz_pwm_probe register ok !
[    7.815054] jzmmc_v1.2 jzmmc_v1.2.1: card insert via sysfs
[    7.931411] mmc1: card claims to support voltages below the defined range. These will be ignored.
[    7.989828] mmc1: new SDIO card at address 0001
[    8.203423] RTW: module init start
[    8.203438] RTW: rtl8189fs v5.11.6.0-2-gb9aa73b62.20211117
[    8.203444] RTW: build time: Sep  7 2025 20:46:40
[    8.203666] RTW: == SDIO Card Info ==
[    8.203676] RTW:   card: 84b34c00
[    8.203682] RTW:   clock: 24000000 Hz
[    8.203688] RTW:   timing spec: legacy
[    8.203695] RTW:   sd3_bus_mode: FALSE
[    8.203700] RTW:   func num: 1
[    8.203707] RTW:   func1: 84b45900 (*)
[    8.203712] RTW: ================
[    8.232920] RTW: HW EFUSE
[    8.232933] RTW: 0x000: 29 81 03 CC  00 00 50 00  00 00 04 CC  0A 0C 00 00  
[    8.232966] RTW: 0x010: 24 25 26 27  27 27 2C 2C  2E 2E 2E 02  FF FF FF FF  
[    8.232998] RTW: 0x020: FF FF FF FF  FF FF FF FF  FF FF FF FF  FF FF FF FF  
[    8.233031] RTW: 0x030: FF FF FF FF  FF FF FF FF  FF FF FF FF  FF FF FF FF  
[    8.233064] RTW: 0x040: FF FF FF FF  FF FF FF FF  FF FF FF FF  FF FF FF FF  
[    8.233096] RTW: 0x050: FF FF FF FF  FF FF FF FF  FF FF FF FF  FF FF FF FF  
[    8.233129] RTW: 0x060: FF FF FF FF  FF FF FF FF  FF FF FF FF  FF FF FF FF  
[    8.233162] RTW: 0x070: FF FF FF FF  FF FF FF FF  FF FF FF FF  FF FF FF FF  
[    8.233194] RTW: 0x080: FF FF FF FF  FF FF FF FF  FF FF FF FF  FF FF FF FF  
[    8.233227] RTW: 0x090: FF FF FF FF  FF FF FF FF  FF FF FF FF  FF FF FF FF  
[    8.233260] RTW: 0x0A0: FF FF FF FF  FF FF FF FF  FF FF FF FF  FF FF FF FF  
[    8.233292] RTW: 0x0B0: FF FF FF FF  FF FF FF FF  20 1C 1B 00  00 00 00 FF  
[    8.233324] RTW: 0x0C0: FF 12 00 10  00 FF 00 FF  00 00 FF FF  FF FF FF FF  
[    8.233357] RTW: 0x0D0: 3E 10 01 12  23 FF FF FF  20 04 4C 02  79 F1 21 02  
[    8.233389] RTW: 0x0E0: 0C 00 22 04  00 08 00 32  FF 21 02 0C  00 22 2A 01  
[    8.233421] RTW: 0x0F0: 01 00 00 00  00 00 00 00  00 00 00 00  02 00 FF FF  
[    8.233452] RTW: 0x100: 00 00 00 00  00 00 00 00  00 00 00 00  00 00 00 00  
[    8.233484] RTW: 0x110: 00 EB 00 6E  01 00 00 00  00 FF 4C 31  2D 6A D0 0D  
[    8.233516] RTW: 0x120: FF FF FF FF  FF FF FF FF  FF FF FF FF  FF FF FF FF  
[    8.233549] RTW: 0x130: FF FF FF FF  FF FF FF FF  FF FF FF FF  FF FF FF FF  
[    8.233582] RTW: 0x140: FF FF FF FF  FF FF FF FF  FF FF FF FF  FF FF FF FF  
[    8.233614] RTW: 0x150: FF FF FF FF  FF FF FF FF  FF FF FF FF  FF FF FF FF  
[    8.233647] RTW: 0x160: FF FF FF FF  FF FF FF FF  FF FF FF FF  FF FF FF FF  
[    8.233680] RTW: 0x170: FF FF FF FF  FF FF FF FF  FF FF FF FF  FF FF FF FF  
[    8.233712] RTW: 0x180: FF FF FF FF  FF FF FF FF  FF FF FF FF  FF FF FF FF  
[    8.233745] RTW: 0x190: FF FF FF FF  FF FF FF FF  FF FF FF FF  FF FF FF FF  
[    8.233778] RTW: 0x1A0: FF FF FF FF  FF FF FF FF  FF FF FF FF  FF FF FF FF  
[    8.233810] RTW: 0x1B0: FF FF FF FF  FF FF FF FF  FF FF FF FF  FF FF FF FF  
[    8.233843] RTW: 0x1C0: FF FF FF FF  FF FF FF FF  FF FF FF FF  FF FF FF FF  
[    8.233876] RTW: 0x1D0: FF FF FF FF  FF FF FF FF  FF FF FF FF  FF FF FF FF  
[    8.233908] RTW: 0x1E0: FF FF FF FF  FF FF FF FF  FF FF FF FF  FF FF FF FF  
[    8.233941] RTW: 0x1F0: FF FF FF FF  FF FF FF FF  FF FF FF FF  FF FF FF FF  
[    8.233984] RTW: hal_com_config_channel_plan chplan:0x20
[    8.317286] RTW: [RF_PATH] ver_id.RF_TYPE:RF_1T1R
[    8.317301] RTW: [RF_PATH] HALSPEC's rf_reg_trx_path_bmp:0x11, rf_reg_path_avail_num:1, max_tx_cnt:1
[    8.317308] RTW: [RF_PATH] PG's trx_path_bmp:0x00, max_tx_cnt:0
[    8.317315] RTW: [RF_PATH] Registry's trx_path_bmp:0x00, tx_path_lmt:0, rx_path_lmt:0
[    8.317322] RTW: [RF_PATH] HALDATA's trx_path_bmp:0x11, max_tx_cnt:1
[    8.317328] RTW: [RF_PATH] HALDATA's rf_type:RF_1T1R, NumTotalRFPath:1
[    8.317335] RTW: [TRX_Nss] HALSPEC - tx_nss:1, rx_nss:1
[    8.317341] RTW: [TRX_Nss] Registry - tx_nss:0, rx_nss:0
[    8.317347] RTW: [TRX_Nss] HALDATA - tx_nss:1, rx_nss:1
[    8.318589] RTW: rtw_regsty_chk_target_tx_power_valid return _FALSE for band:0, path:0, rs:0, t:-1
[    8.338676] RTW: rtw_ndev_init(wlan0) if1 mac_addr=4c:31:2d:6a:d0:0d
[    8.351826] RTW: rtw_ndev_init(wlan1) if2 mac_addr=4e:31:2d:6a:d0:0d
[    8.366994] RTW: module init ret=0
[    8.991668] RTW: txpath=0x1, rxpath=0x1
[    8.991680] RTW: txpath_1ss:0x1, num:1
[    9.077539] IPv6: ADDRCONF(NETDEV_UP): wlan0: link is not ready
[   10.762977] RTW: rtw_set_802_11_connect(wlan0)  fw_state=0x00000008
[   10.989439] RTW: start auth
[   10.996327] RTW: auth success, start assoc
[   11.001576] RTW: assoc success
[   11.001668] IPv6: ADDRCONF(NETDEV_CHANGE): wlan0: link becomes ready
[   11.003140] RTW: ============ STA [e8:9c:25:02:11:0c]  ===================
[   11.003151] RTW: mac_id : 0
[   11.003156] RTW: wireless_mode : 0x0b
[   11.003162] RTW: mimo_type : 0
[   11.003168] RTW: static smps : N
[   11.003174] RTW: bw_mode : 20MHz, ra_bw_mode : 20MHz
[   11.003180] RTW: rate_id : 3
[   11.003186] RTW: rssi : -1 (%), rssi_level : 0
[   11.003192] RTW: is_support_sgi : Y, is_vht_enable : N
[   11.003198] RTW: disable_ra : N, disable_pt : N
[   11.003203] RTW: is_noisy : N
[   11.003208] RTW: txrx_state : 0
[   11.003214] RTW: curr_tx_rate : CCK_1M (L)
[   11.003220] RTW: curr_tx_bw : 20MHz
[   11.003226] RTW: curr_retry_ratio : 0
[   11.003231] RTW: ra_mask : 0x00000000000fffff
[   11.003231] 
[   11.005705] RTW: recv eapol packet 1/4
[   11.006868] RTW: send eapol packet 2/4
[   11.012522] RTW: recv eapol packet 3/4
[   11.012882] RTW: send eapol packet 4/4
[   11.014054] RTW: set pairwise key camid:0, addr:e8:9c:25:02:11:0c, kid:0, type:AES
[   11.014349] RTW: set group key camid:1, addr:e8:9c:25:02:11:0c, kid:1, type:AES
[   24.799428] -----sensor_detect: 1330 ret = 0, v = 0x20
[   24.799844] -----sensor_detect: 1338 ret = 0, v = 0x53
[   24.799852] gc2053 chip found @ 0x37 (i2c0)
[   24.799858] sensor driver version H20230726a
[   24.969960] gc2053 stream on
[   25.189428] ispcore: irq-status 0x00000040, err is 0x40,0x3f8,084c is 0x0
[   30.008973] gc2053 stream off
[  213.719448] -----sensor_detect: 1330 ret = 0, v = 0x20
[  213.719941] -----sensor_detect: 1338 ret = 0, v = 0x53
[  213.719948] gc2053 chip found @ 0x37 (i2c0)
[  213.719954] sensor driver version H20230726a
[  213.869709] gc2053 stream on
[  213.870000] do_page_fault() #2: sending SIGSEGV to streamer for invalid write access to
[  213.870000] 00000000 
[  213.870011] epc = 76fdc0e4 in libc.so[76fbd000+b8000]
[  213.870032] ra  = 76f8c3b8 in libimp.so[76f87000+2f000]
[  213.870042] 
[  213.870913] gc2053 stream off
[  392.709939] -----sensor_detect: 1330 ret = 0, v = 0x20
[  392.710347] -----sensor_detect: 1338 ret = 0, v = 0x53
[  392.710355] gc2053 chip found @ 0x37 (i2c0)
[  392.710361] sensor driver version H20230726a
[  392.862275] gc2053 stream on
[  392.862759] do_page_fault() #2: sending SIGSEGV to streamer for invalid write access to
[  392.862759] 00000000 
[  392.862773] epc = 77d690e4 in libc.so[77d4a000+b8000]
[  392.862793] ra  = 77d19420 in libimp.so[77d14000+2f000]
[  392.862803] 
[  392.863697] gc2053 stream off
[  509.899142] -----sensor_detect: 1330 ret = 0, v = 0x20
[  509.899636] -----sensor_detect: 1338 ret = 0, v = 0x53
[  509.899644] gc2053 chip found @ 0x37 (i2c0)
[  509.899650] sensor driver version H20230726a
[  510.048091] gc2053 stream on
[  510.049027] do_page_fault() #2: sending SIGSEGV to streamer for invalid write access to
[  510.049027] 00000000 
[  510.049041] epc = 771e10e4 in libc.so[771c2000+b8000]
[  510.049062] ra  = 77191420 in libimp.so[7718c000+2f000]
[  510.049072] 
[  510.050498] gc2053 stream off
root@ing-wyze-cam3-a000 opt# 

